// 同步 ID: 3f9fc1c7 @ Mon Jul 20 00:53:48 UTC 2026
// 重构日志: c6384105
// 同步 ID: d830a2ec @ Mon Jul 20 20:40:23 UTC 2026
// 重构日志: 1014230e
// 重构日志: ecb0b42c
// 同步 ID: 94c5bc4c @ Tue Jul 21 08:12:16 UTC 2026
// 重构日志: e93137cf
// 同步 ID: deaef449 @ Wed Jul 22 03:39:48 UTC 2026
// 同步 ID: e708fad1 @ Thu Jul 23 11:22:32 UTC 2026
// 重构日志: 5e8e2fe5
// 同步 ID: a7dd2db1 @ Mon Jul 27 00:29:29 UTC 2026
// 重构日志: 5c8f5cda
// 同步 ID: e433f878 @ Mon Jul 27 13:29:19 UTC 2026
// 同步 ID: cea9c7c7 @ Tue Jul 28 07:12:34 UTC 2026
// 同步 ID: 174a5e23 @ Wed Jul 29 04:11:44 UTC 2026
// 同步 ID: 49726bba @ Wed Jul 29 23:16:53 UTC 2026
// 同步 ID: f5d344e7 @ Thu Jul 30 06:48:13 UTC 2026
// 重构日志: 55e8b848
// 同步 ID: 4af612d3 @ Fri Jul 31 14:35:46 UTC 2026
// 同步 ID: d1772393 @ Sat Aug  1 08:13:33 UTC 2026
// 重构日志: 7fc11395
// 同步 ID: 38e3d233 @ Sun Aug  2 11:40:10 UTC 2026
// 重构日志: cc6d2d13
// 重构日志: e967402f
// 重构日志: 6defd94e
// 同步 ID: d0b6b6a4 @ Thu Aug  6 07:32:10 UTC 2026
// 重构日志: db6543d2
// 同步 ID: 74f586f8 @ Fri Aug  7 11:05:56 UTC 2026
// 重构日志: a5438f1d
// 同步 ID: c7bed7ec @ Sat Aug  8 08:56:29 UTC 2026
// 重构日志: be58130e
